[0m12:03:15.550767 [debug] [MainThread]: Sending event: {'category': 'dbt', 'action': 'invocation', 'label': 'start', 'context': [<snowplow_tracker.self_describing_json.SelfDescribingJson object at 0xffff98e11650>, <snowplow_tracker.self_describing_json.SelfDescribingJson object at 0xffff98e07e50>, <snowplow_tracker.self_describing_json.SelfDescribingJson object at 0xffff98d9ca90>]}


============================== 12:03:15.553986 | 9f3bbbe0-86b0-4d04-ac16-414f46fb771a ==============================
[0m12:03:15.553986 [info ] [MainThread]: Running with dbt=1.10.13
[0m12:03:15.554488 [debug] [MainThread]: running dbt with arguments {'quiet': 'False', 'warn_error': 'None', 'fail_fast': 'False', 'log_path': 'logs', 'log_cache_events': 'False', 'indirect_selection': 'eager', 'write_json': 'True', 'cache_selected_only': 'False', 'printer_width': '80', 'use_experimental_parser': 'False', 'invocation_command': 'dbt run --profiles-dir profiles', 'debug': 'False', 'warn_error_options': 'WarnErrorOptionsV2(error=[], warn=[], silence=[])', 'partial_parse': 'True', 'version_check': 'True', 'send_anonymous_usage_stats': 'True', 'introspect': 'True', 'no_print': 'None', 'use_colors': 'True', 'static_parser': 'True', 'target_path': 'None', 'log_format': 'default', 'empty': 'False', 'profiles_dir': 'profiles'}
[0m12:03:15.554847 [error] [MainThread]: Encountered an error:
Runtime Error
  No dbt_project.yml found at expected path /app/dbt_project.yml
  Verify that each entry within packages.yml (and their transitive dependencies) contains a file named dbt_project.yml
  
[0m12:03:15.555971 [debug] [MainThread]: Resource report: {"command_name": "run", "command_success": false, "command_wall_clock_time": 0.032596167, "process_in_blocks": "0", "process_kernel_time": 0.416687, "process_mem_max_rss": "101116", "process_out_blocks": "3", "process_user_time": 0.743226}
[0m12:03:15.556237 [debug] [MainThread]: Command `dbt run` failed at 12:03:15.556191 after 0.03 seconds
[0m12:03:15.556431 [debug] [MainThread]: Sending event: {'category': 'dbt', 'action': 'invocation', 'label': 'end', 'context': [<snowplow_tracker.self_describing_json.SelfDescribingJson object at 0xffff9dd02690>, <snowplow_tracker.self_describing_json.SelfDescribingJson object at 0xffff98d9f990>, <snowplow_tracker.self_describing_json.SelfDescribingJson object at 0xffff98d9fa10>]}
[0m12:03:15.556623 [debug] [MainThread]: Flushing usage events
[0m12:03:16.116229 [debug] [MainThread]: An error was encountered while trying to flush usage events
[0m12:06:51.202229 [debug] [MainThread]: Sending event: {'category': 'dbt', 'action': 'invocation', 'label': 'start', 'context': [<snowplow_tracker.self_describing_json.SelfDescribingJson object at 0xffffb5053650>, <snowplow_tracker.self_describing_json.SelfDescribingJson object at 0xffffb5384ed0>, <snowplow_tracker.self_describing_json.SelfDescribingJson object at 0xffffb5050a50>]}


============================== 12:06:51.204308 | c66ab56e-c568-4cf8-a4d7-6a83c1540270 ==============================
[0m12:06:51.204308 [info ] [MainThread]: Running with dbt=1.10.13
[0m12:06:51.204670 [debug] [MainThread]: running dbt with arguments {'introspect': 'True', 'log_path': 'logs', 'fail_fast': 'False', 'log_cache_events': 'False', 'version_check': 'True', 'debug': 'False', 'use_colors': 'True', 'use_experimental_parser': 'False', 'empty': 'False', 'printer_width': '80', 'write_json': 'True', 'indirect_selection': 'eager', 'log_format': 'default', 'partial_parse': 'True', 'target_path': 'None', 'static_parser': 'True', 'cache_selected_only': 'False', 'warn_error': 'None', 'warn_error_options': 'WarnErrorOptionsV2(error=[], warn=[], silence=[])', 'no_print': 'None', 'send_anonymous_usage_stats': 'True', 'invocation_command': 'dbt run --profiles-dir profiles', 'profiles_dir': 'profiles', 'quiet': 'False'}
[0m12:06:51.204986 [error] [MainThread]: Encountered an error:
Runtime Error
  No dbt_project.yml found at expected path /app/dbt_project.yml
  Verify that each entry within packages.yml (and their transitive dependencies) contains a file named dbt_project.yml
  
[0m12:06:51.205561 [debug] [MainThread]: Resource report: {"command_name": "run", "command_success": false, "command_wall_clock_time": 0.027546167, "process_in_blocks": "0", "process_kernel_time": 0.191479, "process_mem_max_rss": "101012", "process_out_blocks": "3", "process_user_time": 0.5995}
[0m12:06:51.205808 [debug] [MainThread]: Command `dbt run` failed at 12:06:51.205759 after 0.03 seconds
[0m12:06:51.205986 [debug] [MainThread]: Sending event: {'category': 'dbt', 'action': 'invocation', 'label': 'end', 'context': [<snowplow_tracker.self_describing_json.SelfDescribingJson object at 0xffffb4fe9c90>, <snowplow_tracker.self_describing_json.SelfDescribingJson object at 0xffffb5487d50>, <snowplow_tracker.self_describing_json.SelfDescribingJson object at 0xffffb9f42590>]}
[0m12:06:51.206175 [debug] [MainThread]: Flushing usage events
[0m12:06:51.769095 [debug] [MainThread]: An error was encountered while trying to flush usage events
[0m12:08:11.182803 [debug] [MainThread]: Sending event: {'category': 'dbt', 'action': 'invocation', 'label': 'start', 'context': [<snowplow_tracker.self_describing_json.SelfDescribingJson object at 0xffff941abad0>, <snowplow_tracker.self_describing_json.SelfDescribingJson object at 0xffff941eafd0>, <snowplow_tracker.self_describing_json.SelfDescribingJson object at 0xffff942a54d0>]}


============================== 12:08:11.185035 | 53b4cb56-89bb-49db-89c0-3bc73bb7b495 ==============================
[0m12:08:11.185035 [info ] [MainThread]: Running with dbt=1.10.13
[0m12:08:11.185513 [debug] [MainThread]: running dbt with arguments {'introspect': 'True', 'printer_width': '80', 'target_path': 'None', 'empty': 'False', 'debug': 'False', 'use_colors': 'True', 'cache_selected_only': 'False', 'write_json': 'True', 'log_path': 'logs', 'no_print': 'None', 'warn_error': 'None', 'partial_parse': 'True', 'fail_fast': 'False', 'profiles_dir': 'profiles', 'indirect_selection': 'eager', 'warn_error_options': 'WarnErrorOptionsV2(error=[], warn=[], silence=[])', 'log_format': 'default', 'use_experimental_parser': 'False', 'quiet': 'False', 'log_cache_events': 'False', 'invocation_command': 'dbt run --profiles-dir profiles', 'send_anonymous_usage_stats': 'True', 'version_check': 'True', 'static_parser': 'True'}
[0m12:08:11.185955 [error] [MainThread]: Encountered an error:
Runtime Error
  No dbt_project.yml found at expected path /app/dbt_project.yml
  Verify that each entry within packages.yml (and their transitive dependencies) contains a file named dbt_project.yml
  
[0m12:08:11.186738 [debug] [MainThread]: Resource report: {"command_name": "run", "command_success": false, "command_wall_clock_time": 0.031704623, "process_in_blocks": "0", "process_kernel_time": 0.191092, "process_mem_max_rss": "101016", "process_out_blocks": "3", "process_user_time": 0.651357}
[0m12:08:11.187049 [debug] [MainThread]: Command `dbt run` failed at 12:08:11.186998 after 0.03 seconds
[0m12:08:11.187284 [debug] [MainThread]: Sending event: {'category': 'dbt', 'action': 'invocation', 'label': 'end', 'context': [<snowplow_tracker.self_describing_json.SelfDescribingJson object at 0xffff9420f9d0>, <snowplow_tracker.self_describing_json.SelfDescribingJson object at 0xffff99026690>, <snowplow_tracker.self_describing_json.SelfDescribingJson object at 0xffff9417bfd0>]}
[0m12:08:11.187518 [debug] [MainThread]: Flushing usage events
[0m12:08:11.789027 [debug] [MainThread]: An error was encountered while trying to flush usage events
[0m12:08:52.010923 [debug] [MainThread]: Sending event: {'category': 'dbt', 'action': 'invocation', 'label': 'start', 'context': [<snowplow_tracker.self_describing_json.SelfDescribingJson object at 0xffff9d107290>, <snowplow_tracker.self_describing_json.SelfDescribingJson object at 0xffff9d0f3dd0>, <snowplow_tracker.self_describing_json.SelfDescribingJson object at 0xffff9a3389d0>]}


============================== 12:08:52.013031 | 0afa434f-68c5-46db-8b82-42e8b60362cb ==============================
[0m12:08:52.013031 [info ] [MainThread]: Running with dbt=1.10.13
[0m12:08:52.013495 [debug] [MainThread]: running dbt with arguments {'use_colors': 'True', 'target_path': 'None', 'indirect_selection': 'eager', 'profiles_dir': 'profiles', 'use_experimental_parser': 'False', 'empty': 'False', 'version_check': 'True', 'log_path': 'logs', 'write_json': 'True', 'send_anonymous_usage_stats': 'True', 'invocation_command': 'dbt run --profiles-dir profiles', 'fail_fast': 'False', 'log_cache_events': 'False', 'static_parser': 'True', 'introspect': 'True', 'debug': 'False', 'cache_selected_only': 'False', 'no_print': 'None', 'warn_error_options': 'WarnErrorOptionsV2(error=[], warn=[], silence=[])', 'log_format': 'default', 'printer_width': '80', 'quiet': 'False', 'warn_error': 'None', 'partial_parse': 'True'}
[0m12:08:52.013984 [error] [MainThread]: Encountered an error:
Runtime Error
  No dbt_project.yml found at expected path /app/dbt_project.yml
  Verify that each entry within packages.yml (and their transitive dependencies) contains a file named dbt_project.yml
  
[0m12:08:52.014616 [debug] [MainThread]: Resource report: {"command_name": "run", "command_success": false, "command_wall_clock_time": 0.029620541, "process_in_blocks": "0", "process_kernel_time": 0.150102, "process_mem_max_rss": "101012", "process_out_blocks": "3", "process_user_time": 0.629428}
[0m12:08:52.014934 [debug] [MainThread]: Command `dbt run` failed at 12:08:52.014875 after 0.03 seconds
[0m12:08:52.015155 [debug] [MainThread]: Sending event: {'category': 'dbt', 'action': 'invocation', 'label': 'end', 'context': [<snowplow_tracker.self_describing_json.SelfDescribingJson object at 0xffff9a345b50>, <snowplow_tracker.self_describing_json.SelfDescribingJson object at 0xffff9f1e6690>, <snowplow_tracker.self_describing_json.SelfDescribingJson object at 0xffff9a33b350>]}
[0m12:08:52.015393 [debug] [MainThread]: Flushing usage events
[0m12:08:52.567241 [debug] [MainThread]: An error was encountered while trying to flush usage events
[0m11:38:20.132628 [debug] [MainThread]: Sending event: {'category': 'dbt', 'action': 'invocation', 'label': 'start', 'context': [<snowplow_tracker.self_describing_json.SelfDescribingJson object at 0xffff9652ff50>, <snowplow_tracker.self_describing_json.SelfDescribingJson object at 0xffff969dd450>, <snowplow_tracker.self_describing_json.SelfDescribingJson object at 0xffff96582f50>]}


============================== 11:38:20.234492 | 6e3d832c-cb87-4069-9aa5-c8047de17440 ==============================
[0m11:38:20.234492 [info ] [MainThread]: Running with dbt=1.10.15
[0m11:38:20.235019 [debug] [MainThread]: running dbt with arguments {'indirect_selection': 'eager', 'cache_selected_only': 'False', 'profiles_dir': '/root/.dbt', 'target_path': 'None', 'write_json': 'True', 'send_anonymous_usage_stats': 'True', 'invocation_command': 'dbt debug', 'use_experimental_parser': 'False', 'fail_fast': 'False', 'log_cache_events': 'False', 'quiet': 'False', 'warn_error_options': 'WarnErrorOptionsV2(error=[], warn=[], silence=[])', 'debug': 'False', 'printer_width': '80', 'static_parser': 'True', 'introspect': 'True', 'version_check': 'True', 'empty': 'None', 'use_colors': 'True', 'log_format': 'default', 'warn_error': 'None', 'partial_parse': 'True', 'no_print': 'None', 'log_path': 'logs'}
[0m11:38:20.287172 [info ] [MainThread]: dbt version: 1.10.15
[0m11:38:20.289326 [info ] [MainThread]: python version: 3.11.14
[0m11:38:20.291014 [info ] [MainThread]: python path: /usr/local/bin/python
[0m11:38:20.292668 [info ] [MainThread]: os info: Linux-6.11.11-linuxkit-aarch64-with-glibc2.41
[0m11:38:20.293254 [info ] [MainThread]: Using profiles dir at /root/.dbt
[0m11:38:20.293626 [info ] [MainThread]: Using profiles.yml file at /root/.dbt/profiles.yml
[0m11:38:20.293932 [info ] [MainThread]: Using dbt_project.yml file at /app/dbt_project.yml
[0m11:38:20.294438 [info ] [MainThread]: Configuration:
[0m11:38:20.294799 [info ] [MainThread]:   profiles.yml file [[31mERROR not found[0m]
[0m11:38:20.295305 [info ] [MainThread]:   dbt_project.yml file [[31mERROR not found[0m]
[0m11:38:20.295647 [info ] [MainThread]: Required dependencies:
[0m11:38:20.297036 [debug] [MainThread]: Executing "git --help"
[0m11:38:20.316229 [debug] [MainThread]: STDOUT: "b"usage: git [-v | --version] [-h | --help] [-C <path>] [-c <name>=<value>]\n           [--exec-path[=<path>]] [--html-path] [--man-path] [--info-path]\n           [-p | --paginate | -P | --no-pager] [--no-replace-objects] [--no-lazy-fetch]\n           [--no-optional-locks] [--no-advice] [--bare] [--git-dir=<path>]\n           [--work-tree=<path>] [--namespace=<name>] [--config-env=<name>=<envvar>]\n           <command> [<args>]\n\nThese are common Git commands used in various situations:\n\nstart a working area (see also: git help tutorial)\n   clone     Clone a repository into a new directory\n   init      Create an empty Git repository or reinitialize an existing one\n\nwork on the current change (see also: git help everyday)\n   add       Add file contents to the index\n   mv        Move or rename a file, a directory, or a symlink\n   restore   Restore working tree files\n   rm        Remove files from the working tree and from the index\n\nexamine the history and state (see also: git help revisions)\n   bisect    Use binary search to find the commit that introduced a bug\n   diff      Show changes between commits, commit and working tree, etc\n   grep      Print lines matching a pattern\n   log       Show commit logs\n   show      Show various types of objects\n   status    Show the working tree status\n\ngrow, mark and tweak your common history\n   branch    List, create, or delete branches\n   commit    Record changes to the repository\n   merge     Join two or more development histories together\n   rebase    Reapply commits on top of another base tip\n   reset     Reset current HEAD to the specified state\n   switch    Switch branches\n   tag       Create, list, delete or verify a tag object signed with GPG\n\ncollaborate (see also: git help workflows)\n   fetch     Download objects and refs from another repository\n   pull      Fetch from and integrate with another repository or a local branch\n   push      Update remote refs along with associated objects\n\n'git help -a' and 'git help -g' list available subcommands and some\nconcept guides. See 'git help <command>' or 'git help <concept>'\nto read about a specific subcommand or concept.\nSee 'git help git' for an overview of the system.\n""
[0m11:38:20.318037 [debug] [MainThread]: STDERR: "b''"
[0m11:38:20.319077 [info ] [MainThread]:  - git [[32mOK found[0m]

[0m11:38:20.319822 [info ] [MainThread]: Connection test skipped since no profile was found
[0m11:38:20.321135 [info ] [MainThread]: [31m2 checks failed:[0m
[0m11:38:20.322213 [info ] [MainThread]: dbt looked for a profiles.yml file in /root/.dbt/profiles.yml, but did
not find one. For more information on configuring your profile, consult the
documentation:

https://docs.getdbt.com/docs/configure-your-profile


[0m11:38:20.322827 [info ] [MainThread]: Project loading failed for the following reason:
 project path </app/dbt_project.yml> not found

[0m11:38:20.324555 [debug] [MainThread]: Resource report: {"command_name": "debug", "command_success": false, "command_wall_clock_time": 0.21978109, "process_in_blocks": "0", "process_kernel_time": 0.966419, "process_mem_max_rss": "122152", "process_out_blocks": "40498", "process_user_time": 1.644536}
[0m11:38:20.324853 [debug] [MainThread]: Command `dbt debug` failed at 11:38:20.324802 after 0.22 seconds
[0m11:38:20.325100 [debug] [MainThread]: Sending event: {'category': 'dbt', 'action': 'invocation', 'label': 'end', 'context': [<snowplow_tracker.self_describing_json.SelfDescribingJson object at 0xffff9b515550>, <snowplow_tracker.self_describing_json.SelfDescribingJson object at 0xffff9b515590>, <snowplow_tracker.self_describing_json.SelfDescribingJson object at 0xffff9658a9d0>]}
[0m11:38:20.325352 [debug] [MainThread]: Flushing usage events
[0m11:38:20.867332 [debug] [MainThread]: An error was encountered while trying to flush usage events
[0m11:41:54.168618 [debug] [MainThread]: Sending event: {'category': 'dbt', 'action': 'invocation', 'label': 'start', 'context': [<snowplow_tracker.self_describing_json.SelfDescribingJson object at 0xffff99e62710>, <snowplow_tracker.self_describing_json.SelfDescribingJson object at 0xffff99e22a50>, <snowplow_tracker.self_describing_json.SelfDescribingJson object at 0xffff99e164d0>]}


============================== 11:41:54.248906 | 655d21c6-61bc-4984-9fa7-5ec0393f2f87 ==============================
[0m11:41:54.248906 [info ] [MainThread]: Running with dbt=1.10.15
[0m11:41:54.249617 [debug] [MainThread]: running dbt with arguments {'profiles_dir': '/root/.dbt', 'version_check': 'True', 'use_experimental_parser': 'False', 'warn_error_options': 'WarnErrorOptionsV2(error=[], warn=[], silence=[])', 'no_print': 'None', 'warn_error': 'None', 'log_cache_events': 'False', 'printer_width': '80', 'cache_selected_only': 'False', 'invocation_command': 'dbt debug', 'fail_fast': 'False', 'static_parser': 'True', 'empty': 'None', 'log_format': 'default', 'target_path': 'None', 'introspect': 'True', 'use_colors': 'True', 'partial_parse': 'True', 'quiet': 'False', 'send_anonymous_usage_stats': 'True', 'write_json': 'True', 'indirect_selection': 'eager', 'log_path': 'logs', 'debug': 'False'}
[0m11:41:54.274711 [info ] [MainThread]: dbt version: 1.10.15
[0m11:41:54.274976 [info ] [MainThread]: python version: 3.11.14
[0m11:41:54.275285 [info ] [MainThread]: python path: /usr/local/bin/python
[0m11:41:54.275541 [info ] [MainThread]: os info: Linux-6.11.11-linuxkit-aarch64-with-glibc2.41
[0m11:41:54.309681 [info ] [MainThread]: Using profiles dir at /root/.dbt
[0m11:41:54.309989 [info ] [MainThread]: Using profiles.yml file at /root/.dbt/profiles.yml
[0m11:41:54.310292 [info ] [MainThread]: Using dbt_project.yml file at /app/dbt_project.yml
[0m11:41:54.310733 [info ] [MainThread]: adapter type: postgres
[0m11:41:54.310944 [info ] [MainThread]: adapter version: 1.8.2
[0m11:41:54.311217 [info ] [MainThread]: Configuration:
[0m11:41:54.311417 [info ] [MainThread]:   profiles.yml file [[32mOK found and valid[0m]
[0m11:41:54.311629 [info ] [MainThread]:   dbt_project.yml file [[31mERROR not found[0m]
[0m11:41:54.311818 [info ] [MainThread]: Required dependencies:
[0m11:41:54.312021 [debug] [MainThread]: Executing "git --help"
[0m11:41:54.314214 [debug] [MainThread]: STDOUT: "b"usage: git [-v | --version] [-h | --help] [-C <path>] [-c <name>=<value>]\n           [--exec-path[=<path>]] [--html-path] [--man-path] [--info-path]\n           [-p | --paginate | -P | --no-pager] [--no-replace-objects] [--no-lazy-fetch]\n           [--no-optional-locks] [--no-advice] [--bare] [--git-dir=<path>]\n           [--work-tree=<path>] [--namespace=<name>] [--config-env=<name>=<envvar>]\n           <command> [<args>]\n\nThese are common Git commands used in various situations:\n\nstart a working area (see also: git help tutorial)\n   clone     Clone a repository into a new directory\n   init      Create an empty Git repository or reinitialize an existing one\n\nwork on the current change (see also: git help everyday)\n   add       Add file contents to the index\n   mv        Move or rename a file, a directory, or a symlink\n   restore   Restore working tree files\n   rm        Remove files from the working tree and from the index\n\nexamine the history and state (see also: git help revisions)\n   bisect    Use binary search to find the commit that introduced a bug\n   diff      Show changes between commits, commit and working tree, etc\n   grep      Print lines matching a pattern\n   log       Show commit logs\n   show      Show various types of objects\n   status    Show the working tree status\n\ngrow, mark and tweak your common history\n   branch    List, create, or delete branches\n   commit    Record changes to the repository\n   merge     Join two or more development histories together\n   rebase    Reapply commits on top of another base tip\n   reset     Reset current HEAD to the specified state\n   switch    Switch branches\n   tag       Create, list, delete or verify a tag object signed with GPG\n\ncollaborate (see also: git help workflows)\n   fetch     Download objects and refs from another repository\n   pull      Fetch from and integrate with another repository or a local branch\n   push      Update remote refs along with associated objects\n\n'git help -a' and 'git help -g' list available subcommands and some\nconcept guides. See 'git help <command>' or 'git help <concept>'\nto read about a specific subcommand or concept.\nSee 'git help git' for an overview of the system.\n""
[0m11:41:54.314446 [debug] [MainThread]: STDERR: "b''"
[0m11:41:54.314573 [info ] [MainThread]:  - git [[32mOK found[0m]

[0m11:41:54.314719 [info ] [MainThread]: Connection:
[0m11:41:54.314931 [info ] [MainThread]:   host: db
[0m11:41:54.315180 [info ] [MainThread]:   port: 5432
[0m11:41:54.315395 [info ] [MainThread]:   user: ae_interview
[0m11:41:54.315629 [info ] [MainThread]:   database: analytics_db
[0m11:41:54.315841 [info ] [MainThread]:   schema: main
[0m11:41:54.316076 [info ] [MainThread]:   connect_timeout: 10
[0m11:41:54.316311 [info ] [MainThread]:   role: None
[0m11:41:54.316546 [info ] [MainThread]:   search_path: None
[0m11:41:54.316797 [info ] [MainThread]:   keepalives_idle: 0
[0m11:41:54.317018 [info ] [MainThread]:   sslmode: None
[0m11:41:54.317293 [info ] [MainThread]:   sslcert: None
[0m11:41:54.317576 [info ] [MainThread]:   sslkey: None
[0m11:41:54.317812 [info ] [MainThread]:   sslrootcert: None
[0m11:41:54.318045 [info ] [MainThread]:   application_name: dbt
[0m11:41:54.318302 [info ] [MainThread]:   retries: 1
[0m11:41:54.318612 [info ] [MainThread]: Registered adapter: postgres=1.8.2
[0m11:41:54.347749 [debug] [MainThread]: Acquiring new postgres connection 'debug'
[0m11:41:54.369194 [debug] [MainThread]: Using postgres connection "debug"
[0m11:41:54.369413 [debug] [MainThread]: On debug: select 1 as id
[0m11:41:54.369557 [debug] [MainThread]: Opening a new connection, currently in state init
[0m11:41:54.384384 [debug] [MainThread]: SQL status: SELECT 1 in 0.015 seconds
[0m11:41:54.384871 [debug] [MainThread]: On debug: Close
[0m11:41:54.385049 [info ] [MainThread]:   Connection test: [[32mOK connection ok[0m]

[0m11:41:54.385292 [info ] [MainThread]: [31m1 check failed:[0m
[0m11:41:54.385555 [info ] [MainThread]: Project loading failed for the following reason:
 project path </app/dbt_project.yml> not found

[0m11:41:54.386161 [debug] [MainThread]: Resource report: {"command_name": "debug", "command_success": false, "command_wall_clock_time": 0.24413116, "process_in_blocks": "0", "process_kernel_time": 0.3652, "process_mem_max_rss": "123432", "process_out_blocks": "41108", "process_user_time": 1.617887}
[0m11:41:54.386427 [debug] [MainThread]: Command `dbt debug` failed at 11:41:54.386382 after 0.24 seconds
[0m11:41:54.386608 [debug] [MainThread]: Connection 'debug' was properly closed.
[0m11:41:54.386773 [debug] [MainThread]: Sending event: {'category': 'dbt', 'action': 'invocation', 'label': 'end', 'context': [<snowplow_tracker.self_describing_json.SelfDescribingJson object at 0xffff99e7be90>, <snowplow_tracker.self_describing_json.SelfDescribingJson object at 0xffff99e7ac90>, <snowplow_tracker.self_describing_json.SelfDescribingJson object at 0xffff99e68150>]}
[0m11:41:54.386967 [debug] [MainThread]: Flushing usage events
[0m11:41:54.928392 [debug] [MainThread]: An error was encountered while trying to flush usage events
